
> MapxProp@2.2.0 dev
> next dev -H 0.0.0.0

▲ Next.js 16.2.0 (Turbopack)
- Local:         http://localhost:3000
- Network:       http://0.0.0.0:3000
- Environments: .env.local
✓ Ready in 376ms
Creating turbopack project {
  dir: 'C:\\Users\\sukoo\\OneDrive\\Desktop\\estate-map\\estate-map-next-js',
  testMode: true
}

 GET / 200 in 1601ms (next.js: 180ms, application-code: 1420ms)
 GET / 200 in 349ms (next.js: 4ms, application-code: 345ms)
 GET / 200 in 468ms (next.js: 4ms, application-code: 464ms)
 GET / 200 in 296ms (next.js: 3ms, application-code: 293ms)
 GET / 200 in 282ms (next.js: 4ms, application-code: 277ms)
 GET /login 200 in 133ms (next.js: 31ms, application-code: 101ms)
 GET /account?login=success 200 in 94ms (next.js: 31ms, application-code: 63ms)
 GET /authors/john-doe 200 in 479ms (next.js: 417ms, application-code: 62ms)
 GET /account-savelists 200 in 89ms (next.js: 34ms, application-code: 55ms)
 GET /login 200 in 43ms (next.js: 4ms, application-code: 38ms)
 GET /logout 404 in 531ms (next.js: 493ms, application-code: 38ms)
 GET / 200 in 86ms (next.js: 5ms, application-code: 81ms)
 GET /authors/john-doe 200 in 55ms (next.js: 9ms, application-code: 46ms)
 GET / 200 in 72ms (next.js: 3ms, application-code: 69ms)
 GET / 200 in 706ms (next.js: 6ms, application-code: 700ms)
 GET /login 200 in 38ms (next.js: 5ms, application-code: 33ms)
 GET /account?login=success 200 in 105ms (next.js: 7ms, application-code: 98ms)
 GET /login?logout=success 200 in 72ms (next.js: 5ms, application-code: 67ms)
 GET /login?logout=success 200 in 38ms (next.js: 4ms, application-code: 35ms)
 GET /account?login=success 200 in 86ms (next.js: 2ms, application-code: 84ms)
 GET /login?logout=success 200 in 87ms (next.js: 6ms, application-code: 80ms)
 GET /login?logout=success 200 in 87ms (next.js: 40ms, application-code: 47ms)
 GET /login 200 in 107ms (next.js: 2ms, application-code: 105ms)
 GET /forgot-password 200 in 102ms (next.js: 62ms, application-code: 40ms)
 GET /account?login=success 200 in 108ms (next.js: 7ms, application-code: 100ms)
 GET /account-savelists 200 in 373ms (next.js: 4ms, application-code: 369ms)
 GET /account/logout 404 in 94ms (next.js: 17ms, application-code: 78ms)
 GET / 200 in 174ms (next.js: 5ms, application-code: 170ms)
 GET /login 200 in 47ms (next.js: 4ms, application-code: 43ms)
 GET /login?email=a%40gmail.com&password=Internet_1 200 in 45ms (next.js: 3ms, application-code: 42ms)
 GET /login?logout=success 200 in 47ms (next.js: 4ms, application-code: 43ms)
✓ Compiled in 828ms
✓ Compiled in 265ms
✓ Compiled in 184ms
✓ Compiled in 148ms
✓ Compiled in 259ms
✓ Compiled in 203ms
✓ Compiled in 282ms
 GET /login 200 in 442ms (next.js: 166ms, application-code: 276ms)
 GET / 200 in 1304ms (next.js: 161ms, application-code: 1143ms)
 GET / 200 in 687ms (next.js: 10ms, application-code: 677ms)
 GET / 200 in 644ms (next.js: 9ms, application-code: 635ms)
 GET /login 200 in 40ms (next.js: 5ms, application-code: 36ms)
 GET /account?login=success 200 in 306ms (next.js: 173ms, application-code: 133ms)
 GET /login?logout=success 200 in 85ms (next.js: 2ms, application-code: 83ms)
 GET /login?logout=success 200 in 45ms (next.js: 5ms, application-code: 40ms)
 GET /account?login=success 200 in 115ms (next.js: 24ms, application-code: 91ms)
 GET /login?logout=success 200 in 86ms (next.js: 4ms, application-code: 82ms)
 GET /login?logout=success 200 in 48ms (next.js: 6ms, application-code: 42ms)
 GET /login 200 in 46ms (next.js: 5ms, application-code: 41ms)
 GET /login 200 in 41ms (next.js: 3ms, application-code: 38ms)
 GET /account?login=success 200 in 37ms (next.js: 2ms, application-code: 35ms)
 GET / 200 in 196ms (next.js: 7ms, application-code: 189ms)
✓ Compiled in 224ms
 GET /account 200 in 552ms (next.js: 97ms, application-code: 456ms)
 GET /login?logout=success 200 in 21ms (next.js: 4ms, application-code: 17ms)
 GET /login?logout=success 200 in 20ms (next.js: 1726µs, application-code: 18ms)
 GET /login 200 in 64ms (next.js: 15ms, application-code: 49ms)
 GET /add-listing/1 200 in 302ms (next.js: 199ms, application-code: 103ms)
 GET /login 200 in 34ms (next.js: 4ms, application-code: 30ms)
✓ Compiled in 350ms
 GET /login 200 in 160ms (next.js: 86ms, application-code: 74ms)
 GET /login 200 in 31ms (next.js: 2ms, application-code: 29ms)
 GET /login 200 in 23ms (next.js: 3ms, application-code: 21ms)
✓ Compiled in 117ms
✓ Compiled in 482ms
 GET /login 200 in 260ms (next.js: 89ms, application-code: 171ms)
 GET /login 200 in 38ms (next.js: 3ms, application-code: 35ms)
 GET /login 200 in 38ms (next.js: 1985µs, application-code: 36ms)
 GET /account?login=success 200 in 138ms (next.js: 76ms, application-code: 62ms)
 GET /login?logout=success 200 in 17ms (next.js: 2ms, application-code: 15ms)
 GET /login?logout=success 200 in 18ms (next.js: 1698µs, application-code: 16ms)
 GET / 200 in 187ms (next.js: 83ms, application-code: 104ms)
 GET /login 200 in 76ms (next.js: 4ms, application-code: 72ms)
 GET /login 200 in 91ms (next.js: 4ms, application-code: 88ms)
 GET /login 200 in 97ms (next.js: 2ms, application-code: 95ms)
 GET /login 200 in 79ms (next.js: 5ms, application-code: 74ms)
 GET /login 200 in 103ms (next.js: 1929µs, application-code: 101ms)
 GET /signup 200 in 92ms (next.js: 59ms, application-code: 33ms)
 GET /login 200 in 89ms (next.js: 5ms, application-code: 84ms)
✓ Compiled in 147ms
✓ Compiled in 250ms
 GET /login 200 in 125ms (next.js: 87ms, application-code: 39ms)
 GET /login 200 in 21ms (next.js: 1795µs, application-code: 20ms)
 GET /login 200 in 21ms (next.js: 1867µs, application-code: 19ms)
 GET /login 200 in 21ms (next.js: 1748µs, application-code: 19ms)
✓ Compiled in 287ms
 GET /login 200 in 265ms (next.js: 104ms, application-code: 161ms)
 GET /login 200 in 115ms (next.js: 5ms, application-code: 110ms)
 GET /login 200 in 81ms (next.js: 47ms, application-code: 34ms)
 GET /login 200 in 83ms (next.js: 5ms, application-code: 77ms)
✓ Compiled in 116ms
✓ Compiled in 419ms
 GET /login 200 in 293ms (next.js: 154ms, application-code: 138ms)
 GET /login 200 in 29ms (next.js: 4ms, application-code: 25ms)
 GET /login 200 in 364ms (next.js: 111ms, application-code: 253ms)
 GET /login 200 in 75ms (next.js: 2ms, application-code: 73ms)
✓ Compiled in 509ms
✓ Compiled in 130ms
 GET /login 200 in 453ms (next.js: 141ms, application-code: 312ms)
 GET /login 200 in 70ms (next.js: 4ms, application-code: 67ms)
 GET /login 200 in 72ms (next.js: 5ms, application-code: 67ms)
 GET / 200 in 522ms (next.js: 146ms, application-code: 376ms)
 GET / 200 in 199ms (next.js: 4ms, application-code: 195ms)
 GET /login 200 in 31ms (next.js: 4ms, application-code: 27ms)
✓ Compiled in 370ms
 GET /login 200 in 262ms (next.js: 80ms, application-code: 183ms)
 GET /login 200 in 144ms (next.js: 2ms, application-code: 142ms)
 GET /login 200 in 24ms (next.js: 2ms, application-code: 22ms)
✓ Compiled in 474ms
✓ Compiled in 437ms
 GET / 200 in 465ms (next.js: 151ms, application-code: 314ms)
 GET /login 200 in 41ms (next.js: 7ms, application-code: 34ms)
 GET /login 200 in 38ms (next.js: 4ms, application-code: 35ms)
 GET /login 200 in 81ms (next.js: 6ms, application-code: 74ms)
 GET /account?login=success 200 in 264ms (next.js: 151ms, application-code: 114ms)
 GET /login?logout=success 200 in 32ms (next.js: 5ms, application-code: 28ms)
 GET /login?logout=success 200 in 37ms (next.js: 3ms, application-code: 34ms)
 GET /login 200 in 85ms (next.js: 4ms, application-code: 81ms)
 GET / 200 in 273ms (next.js: 4ms, application-code: 269ms)
